ewextgfx.c:946:13:GfxSelectSurfaces	16	static,ignoring_inline_asm
ewextgfx.c:161:5:GfxInitGfx	12	static
ewextgfx.c:219:15:GfxInitViewport	48	static
ewextgfx.c:361:6:GfxDoneViewport	8	static
ewextgfx.c:411:15:GfxBeginUpdate	8	static
ewextgfx.c:463:15:GfxBeginUpdateArea	8	static
ewextgfx.c:547:6:GfxEndUpdate	32	static,ignoring_inline_asm
ewextgfx.c:613:15:GfxCreateSurface	40	static
ewextgfx.c:692:15:GfxCreateConstSurface	32	static
ewextgfx.c:754:6:GfxDestroySurface	8	static
ewextgfx.c:828:15:GfxLockSurface	24	static,ignoring_inline_asm
ewextgfx.c:918:6:GfxUnlockSurface	0	static
ewextgfx.c:1018:6:GfxFillDriver	192	static
ewextgfx.c:1118:6:GfxCopyDriver	224	static
ewextgfx.c:1269:6:GfxBlendDriver	224	static
ewextgfx.c:1402:6:GfxUseGraphicsAccelerator	0	static
ewextgfx.c:1442:5:GfxIsGraphicsAcceleratorUsed	0	static
