Core.c:161:6:CoreView_Draw	0	static
Core.c:235:15:CoreView_CursorHitTest	4	static
Core.c:273:8:CoreView_ArrangeView	4	static
Core.c:300:6:CoreView_MoveView	8	static
Core.c:317:7:CoreView_GetExtent	0	static
Core.c:575:7:CoreRectView_GetExtent	4	static
Core.c:104:6:CoreView__Init	8	static
Core.c:412:6:CoreRectView__Init	8	static
Core.c:3181:6:CoreOutline__Init	8	static
Core.c:3424:6:CoreCursorHit__Init	8	static
Core.c:3463:6:CoreLayoutContext__Init	8	static
Core.c:3589:6:CoreTimer__Init	8	static
Core.c:120:6:CoreView__ReInit	0	static
Core.c:427:6:CoreRectView__ReInit	0	static
Core.c:651:6:CoreGroup__ReInit	0	static
Core.c:3198:6:CoreOutline__ReInit	0	static
Core.c:2617:6:CoreEvent__ReInit	0	static
Core.c:2679:6:CoreKeyEvent__ReInit	0	static
Core.c:2916:6:CoreCursorGrabEvent__ReInit	0	static
Core.c:3004:6:CoreCursorEvent__ReInit	0	static
Core.c:3128:6:CoreDragEvent__ReInit	0	static
Core.c:3348:6:CoreKeyPressHandler__ReInit	0	static
Core.c:3437:6:CoreCursorHit__ReInit	0	static
Core.c:3476:6:CoreLayoutContext__ReInit	0	static
Core.c:3518:6:CoreResource__ReInit	0	static
Core.c:3605:6:CoreTimer__ReInit	0	static
Core.c:1570:6:CoreRoot__ReInit	8	static
Core.c:127:6:CoreView__Done	0	static
Core.c:434:6:CoreRectView__Done	0	static
Core.c:658:6:CoreGroup__Done	0	static
Core.c:3205:6:CoreOutline__Done	0	static
Core.c:2624:6:CoreEvent__Done	0	static
Core.c:2686:6:CoreKeyEvent__Done	0	static
Core.c:2923:6:CoreCursorGrabEvent__Done	0	static
Core.c:3011:6:CoreCursorEvent__Done	0	static
Core.c:3135:6:CoreDragEvent__Done	0	static
Core.c:3355:6:CoreKeyPressHandler__Done	0	static
Core.c:3444:6:CoreCursorHit__Done	0	static
Core.c:3483:6:CoreLayoutContext__Done	0	static
Core.c:459:8:CoreRectView_ArrangeView	112	static
Core.c:564:6:CoreRectView_MoveView	96	static
Core.c:581:6:CoreRectView_OnSetBounds	56	static
Core.c:1359:6:CoreGroup_InvalidateArea	88	static
Core.c:720:15:CoreGroup_CursorHitTest	184	static
Core.c:835:6:CoreGroup_OnSetBounds	64	static
Core.c:1031:6:CoreGroup_OnSetFocus	16	static
Core.c:1635:6:CoreRoot_OnSetFocus	0	static
Core.c:3252:6:CoreOutline_OnSetBounds	80	static
Core.c:2601:6:CoreEvent__Init	8	static
Core.c:2666:6:CoreKeyEvent__Init	8	static
Core.c:2903:6:CoreCursorGrabEvent__Init	8	static
Core.c:2991:6:CoreCursorEvent__Init	8	static
Core.c:3115:6:CoreDragEvent__Init	8	static
Core.c:3525:6:CoreResource__Done	8	static
Core.c:3502:6:CoreResource__Init	16	static
Core.c:3612:6:CoreTimer__Done	8	static
Core.c:1580:6:CoreRoot__Done	8	static
Core.c:1395:10:CoreGroup_FindSiblingView.part.0	24	static
Core.c:343:6:CoreView_ChangeViewState	72	static
Core.c:811:6:CoreGroup_ChangeViewState	24	static
Core.c:1620:6:CoreRoot_ChangeViewState	80	static
Core.c:2146:7:CoreRoot_DoesNeedUpdate.part.0	24	static
Core.c:77:14:EwCheckIndex.part.0.constprop	16	static
Core.c:1701:6:CoreRoot_InvalidateArea	160	static
Core.c:3239:6:CoreOutline_Draw	0	static
Core.c:174:6:CoreView__Draw	48	static
Core.c:195:9:CoreView_HandleEvent	0	static
Core.c:250:15:CoreView__CursorHitTest	48	static
Core.c:284:8:CoreView__ArrangeView	40	static
Core.c:309:6:CoreView__MoveView	16	static
Core.c:326:7:CoreView__GetExtent	8	static
Core.c:391:6:CoreView__ChangeViewState	0	static
Core.c:609:6:CoreRectView__OnSetBounds	24	static
Core.c:881:6:CoreGroup_drawContent	224	static
Core.c:679:6:CoreGroup_Draw	56	static
Core.c:1593:6:CoreRoot_Draw	120	static
Core.c:931:6:CoreGroup_recalculateLayout	136	static
Core.c:1007:6:CoreGroup_updateComponent	16	static
Core.c:1065:6:CoreGroup__OnSetFocus	0	static
Core.c:1095:6:CoreGroup_DrawForeground	0	static
Core.c:1132:6:CoreGroup_DrawBackground	0	static
Core.c:1154:8:CoreGroup_GetMinimalSize	0	static
Core.c:1163:8:CoreGroup__GetMinimalSize	0	static
Core.c:1209:9:CoreGroup__DispatchEvent	0	static
Core.c:1228:9:CoreGroup_BroadcastEventAtPosition	72	static
Core.c:1258:9:CoreGroup__BroadcastEventAtPosition	16	static
Core.c:1308:9:CoreGroup__BroadcastEvent	0	static
Core.c:1320:6:CoreGroup_UpdateLayout	8	static
Core.c:1341:6:CoreGroup_UpdateViewState	0	static
Core.c:1351:6:CoreGroup_InvalidateViewState	24	static
Core.c:670:6:CoreGroup_Init	0	static
Core.c:631:6:CoreGroup__Init	8	static
Core.c:1381:6:CoreGroup__InvalidateArea	24	static
Core.c:1395:10:CoreGroup_FindSiblingView	0	static
Core.c:1445:6:CoreGroup_Add	72	static
Core.c:1792:15:CoreRoot_createDragEvent	8	static
Core.c:1805:17:CoreRoot_createCursorEvent	8	static
Core.c:1818:21:CoreRoot_createCursorGrabEvent	8	static
Core.c:1896:8:CoreRoot_GetFPS	8	static
Core.c:1912:8:CoreRoot__GetFPS	0	static
Core.c:1968:6:CoreRoot_EndUpdate	0	static
Core.c:1978:6:CoreRoot__EndUpdate	0	static
Core.c:1993:7:CoreRoot_UpdateCanvas	184	static
Core.c:2023:7:CoreRoot__UpdateCanvas	24	static
Core.c:2034:7:CoreRoot_GetUpdateRegion	16	static
Core.c:2056:7:CoreRoot__GetUpdateRegion	8	static
Core.c:2073:8:CoreRoot_BeginUpdate	176	static
Core.c:1945:7:CoreRoot_UpdateGE20	48	static
Core.c:1922:7:CoreRoot_Update	40	static
Core.c:1933:7:CoreRoot__Update	8	static
Core.c:1958:7:CoreRoot__UpdateGE20	8	static
Core.c:2138:8:CoreRoot__BeginUpdate	0	static
Core.c:2146:7:CoreRoot_DoesNeedUpdate	0	static
Core.c:2163:7:CoreRoot__DoesNeedUpdate	0	static
Core.c:2172:10:CoreRoot_Initialize	72	static
Core.c:2187:10:CoreRoot__Initialize	8	static
Core.c:2193:7:CoreRoot_SetRootFocus	8	static
Core.c:2209:7:CoreRoot__SetRootFocus	0	static
Core.c:2221:6:CoreRoot_SetUserInputTimestamp	0	static
Core.c:2227:6:CoreRoot__SetUserInputTimestamp	0	static
Core.c:2353:7:CoreRoot_DriveMultiTouchMovement	136	static
Core.c:2332:7:CoreRoot_DriveCursorMovement	8	static
Core.c:2338:7:CoreRoot__DriveCursorMovement	24	static
Core.c:2417:7:CoreRoot__DriveMultiTouchMovement	16	static
Core.c:2634:6:CoreEvent_Init	8	static
Core.c:2645:9:CoreEvent_GetCurrentTime	0	static
Core.c:2701:14:CoreKeyEvent_Initialize2	4	static
Core.c:2765:14:CoreKeyEvent__Initialize2	0	static
Core.c:2776:14:CoreKeyEvent_Initialize	8	static
Core.c:2842:14:CoreKeyEvent__Initialize	0	static
Core.c:2853:7:CoreKeyEvent_IsCode	0	static
Core.c:2936:21:CoreCursorGrabEvent_InitializeUp	16	static
Core.c:2950:21:CoreCursorGrabEvent__InitializeUp	12	static
Core.c:2960:21:CoreCursorGrabEvent_InitializeDown	16	static
Core.c:2974:21:CoreCursorGrabEvent__InitializeDown	12	static
Core.c:3023:17:CoreCursorEvent_InitializeHold	48	static
Core.c:3039:17:CoreCursorEvent__InitializeHold	80	static
Core.c:3051:17:CoreCursorEvent_InitializeUp	48	static
Core.c:3068:17:CoreCursorEvent__InitializeUp	88	static
Core.c:3080:17:CoreCursorEvent_InitializeDown	48	static
Core.c:3097:17:CoreCursorEvent__InitializeDown	24	static
Core.c:3147:15:CoreDragEvent_Initialize	48	static
Core.c:3163:15:CoreDragEvent__Initialize	96	static
Core.c:3365:6:CoreKeyPressHandler_Init	8	static
Core.c:3331:6:CoreKeyPressHandler__Init	16	static
Core.c:3385:7:CoreKeyPressHandler_HandleEvent	4	static
Core.c:866:9:CoreGroup_processKeyHandlers	16	static
Core.c:1179:9:CoreGroup_DispatchEvent	16	static
Core.c:1652:9:CoreRoot_DispatchEvent	8	static
Core.c:1278:9:CoreGroup_BroadcastEvent	24	static
Core.c:1682:9:CoreRoot_BroadcastEvent	8	static
Core.c:2241:7:CoreRoot_DriveKeyboardHitting	32	static
Core.c:2316:7:CoreRoot__DriveKeyboardHitting	0	static
Core.c:3538:6:CoreResource_Done	8	static
Core.c:3554:6:CoreResource_Init	16	static
Core.c:3625:6:CoreTimer_Done	8	static
Core.c:3636:6:CoreTimer_restart	24	static
Core.c:1547:6:CoreRoot__Init	32	static
Core.c:3670:6:CoreTimer_OnSetPeriod	0	static
Core.c:3685:6:CoreTimer_OnSetEnabled	8	static
Core.c:1831:6:CoreRoot_cursorHoldTimerProc	128	static
Core.c:2457:7:CoreRoot_DriveMultiTouchHitting	160	static
Core.c:2433:7:CoreRoot_DriveCursorHitting	16	static
Core.c:2440:7:CoreRoot__DriveCursorHitting	24	static
Core.c:2574:7:CoreRoot__DriveMultiTouchHitting	16	static
Core.c:3703:9:CoreTimer_GetCurrentTime	0	static
Core.c:3719:6:CoreTimer_Trigger	8	static
Core.c:3582:15:TimerProc	0	static
Core.c:3730:6:CoreTimer__Trigger	0	static
