Graphics.c:56:6:GraphicsCanvas__Init	8	static
Graphics.c:72:6:GraphicsCanvas__ReInit	0	static
Graphics.c:108:6:GraphicsCanvas_OnSetFrameSize	32	static
Graphics.c:79:6:GraphicsCanvas__Done	0	static
Graphics.c:92:6:GraphicsCanvas_Done	0	static
Graphics.c:99:6:GraphicsCanvas_Init	0	static
Graphics.c:182:16:GraphicsCanvas_DetachBitmap	8	static
Graphics.c:200:16:GraphicsCanvas__DetachBitmap	8	static
Graphics.c:209:16:GraphicsCanvas_AttachBitmap	16	static
Graphics.c:245:16:GraphicsCanvas__AttachBitmap	0	static
Graphics.c:272:6:GraphicsCanvas_DrawText	72	static
Graphics.c:326:6:GraphicsCanvas_FillRectangle	72	static
Graphics.c:137:6:GraphicsCanvas_Update	96	static
